// Vitest Snapshot v1, https://vitest.dev/guide/snapshot.html

exports[`compile > compiles CSS 1`] = `
".a{padding:ed lor:red or:red olor:red r:red lor:red or:red olor:red :red lor:red or:red olor:red or:red lor:red or:red olor:red ed lor:red or:red olor:red r:red lor:red or:red olor:red :red lor:red or:red olor:red or:red lor:red or:red olor:red d lor:red or:red olor:red r:red lor:red or:red olor:red :red lor:red or:red olor:red or:red lor:red or:red olor:red red lor:red or:red olor:red r:red lor:red or:red olor:red :red lor:red or:red olor:red or:red lor:red or:red olor:red lor:red or:red olor:red r:red lor:red or:red olor:red :red lor:red or:red olor:red or:red lor:red or:red olor:red ed lor:red or:red olor:red r:red lor:red or:red olor:red :red lor:red or:red olor:red or:red lor:red or:red olor:red d lor:red or:red olor:red r:red lor:red or:red olor:red :red lor:red or:red olor:red or:red lor:red or:red olor:red red lor:red or:red olor:red r:red lor:red or:red olor:red :red lor:red or:red olor:red or:red lor:red or:red olor:red lor:red or:red olor:red r:red lor:red or:red olor:red :red lor:red or:red olor:red or:red lor:red or:red olor:red ed lor:red or:red olor:red r:red lor:red or:red olor:red :red lor:red or:red olor:red or:red lor:red or:red olor:red d lor:red or:red olor:red r:red lor:red or:red olor:red :red lor:red or:red olor:red or:red lor:red or:red olor:red red lor:red or:red olor:red r:red lor:red or:red olor:red :red lor:red or:red olor:red or:red lor:red or:red olor:red d lor:red or:red olor:red r:red lor:red or:red olor:red :red lor:red or:red olor:red or:red lor:red or:red olor:red ed lor:red or:red olor:red r:red lor:red or:red olor:red :red lor:red or:red olor:red or:red lor:red or:red olor:red d lor:red or:red olor:red r:red lor:red or:red olor:red :red lor:red or:red olor:red or:red lor:red or:red olor:red red lor:red or:red olor:red r:red lor:red or:red olor:red :red lor:red or:red olor:red or:red lor:red or:red olor:red;}.blu-class{padding:00ff00 lor:#00ff00 or:#00ff00 olor:#00ff00 r:#00ff00 lor:#00ff00 or:#00ff00 olor:#00ff00 :#00ff00 lor:#00ff00 or:#00ff00 olor:#00ff00 or:#00ff00 lor:#00ff00 or:#00ff00 olor:#00ff00 00ff00 lor:#00ff00 or:#00ff00 olor:#00ff00 r:#00ff00 lor:#00ff00 or:#00ff00 olor:#00ff00 :#00ff00 lor:#00ff00 or:#00ff00 olor:#00ff00 or:#00ff00 lor:#00ff00 or:#00ff00 olor:#00ff00 0ff00 lor:#00ff00 or:#00ff00 olor:#00ff00 r:#00ff00 lor:#00ff00 or:#00ff00 olor:#00ff00 :#00ff00 lor:#00ff00 or:#00ff00 olor:#00ff00 or:#00ff00 lor:#00ff00 or:#00ff00 olor:#00ff00 #00ff00 lor:#00ff00 or:#00ff00 olor:#00ff00 r:#00ff00 lor:#00ff00 or:#00ff00 olor:#00ff00 :#00ff00 lor:#00ff00 or:#00ff00 olor:#00ff00 or:#00ff00 lor:#00ff00 or:#00ff00 olor:#00ff00 ff00 lor:#00ff00 or:#00ff00 olor:#00ff00 r:#00ff00 lor:#00ff00 or:#00ff00 olor:#00ff00 :#00ff00 lor:#00ff00 or:#00ff00 olor:#00ff00 or:#00ff00 lor:#00ff00 or:#00ff00 olor:#00ff00 00ff00 lor:#00ff00 or:#00ff00 olor:#00ff00 r:#00ff00 lor:#00ff00 or:#00ff00 olor:#00ff00 :#00ff00 lor:#00ff00 or:#00ff00 olor:#00ff00 or:#00ff00 lor:#00ff00 or:#00ff00 olor:#00ff00 0ff00 lor:#00ff00 or:#00ff00 olor:#00ff00 r:#00ff00 lor:#00ff00 or:#00ff00 olor:#00ff00 :#00ff00 lor:#00ff00 or:#00ff00 olor:#00ff00 or:#00ff00 lor:#00ff00 or:#00ff00 olor:#00ff00 #00ff00 lor:#00ff00 or:#00ff00 olor:#00ff00 r:#00ff00 lor:#00ff00 or:#00ff00 olor:#00ff00 :#00ff00 lor:#00ff00 or:#00ff00 olor:#00ff00 or:#00ff00 lor:#00ff00 or:#00ff00 olor:#00ff00 f00 lor:#00ff00 or:#00ff00 olor:#00ff00 r:#00ff00 lor:#00ff00 or:#00ff00 olor:#00ff00 :#00ff00 lor:#00ff00 or:#00ff00 olor:#00ff00 or:#00ff00 lor:#00ff00 or:#00ff00 olor:#00ff00 00ff00 lor:#00ff00 or:#00ff00 olor:#00ff00 r:#00ff00 lor:#00ff00 or:#00ff00 olor:#00ff00 :#00ff00 lor:#00ff00 or:#00ff00 olor:#00ff00 or:#00ff00 lor:#00ff00 or:#00ff00 olor:#00ff00 0ff00 lor:#00ff00 or:#00ff00 olor:#00ff00 r:#00ff00 lor:#00ff00 or:#00ff00 olor:#00ff00 :#00ff00 lor:#00ff00 or:#00ff00 olor:#00ff00 or:#00ff00 lor:#00ff00 or:#00ff00 olor:#00ff00 #00ff00 lor:#00ff00 or:#00ff00 olor:#00ff00 r:#00ff00 lor:#00ff00 or:#00ff00 olor:#00ff00 :#00ff00 lor:#00ff00 or:#00ff00 olor:#00ff00 or:#00ff00 lor:#00ff00 or:#00ff00 olor:#00ff00 0ff00 lor:#00ff00 or:#00ff00 olor:#00ff00 r:#00ff00 lor:#00ff00 or:#00ff00 olor:#00ff00 :#00ff00 lor:#00ff00 or:#00ff00 olor:#00ff00 or:#00ff00 lor:#00ff00 or:#00ff00 olor:#00ff00 00ff00 lor:#00ff00 or:#00ff00 olor:#00ff00 r:#00ff00 lor:#00ff00 or:#00ff00 olor:#00ff00 :#00ff00 lor:#00ff00 or:#00ff00 olor:#00ff00 or:#00ff00 lor:#00ff00 or:#00ff00 olor:#00ff00 0ff00 lor:#00ff00 or:#00ff00 olor:#00ff00 r:#00ff00 lor:#00ff00 or:#00ff00 olor:#00ff00 :#00ff00 lor:#00ff00 or:#00ff00 olor:#00ff00 or:#00ff00 lor:#00ff00 or:#00ff00 olor:#00ff00 #00ff00 lor:#00ff00 or:#00ff00 olor:#00ff00 r:#00ff00 lor:#00ff00 or:#00ff00 olor:#00ff00 :#00ff00 lor:#00ff00 or:#00ff00 olor:#00ff00 or:#00ff00 lor:#00ff00 or:#00ff00 olor:#00ff00;}.test-include{padding:0px in:0px n:0px gin:0px 0px in:0px n:0px gin:0px px in:0px n:0px gin:0px :0px in:0px n:0px gin:0px x in:0px n:0px gin:0px 0px in:0px n:0px gin:0px px in:0px n:0px gin:0px :0px in:0px n:0px gin:0px in:0px n:0px gin:0px 0px in:0px n:0px gin:0px px in:0px n:0px gin:0px :0px in:0px n:0px gin:0px px in:0px n:0px gin:0px 0px in:0px n:0px gin:0px px in:0px n:0px gin:0px :0px in:0px n:0px gin:0px;}.c{padding:lor:red lor:red or:red olor:red r:red lor:red or:red olor:red :red lor:red or:red olor:red or:red lor:red or:red olor:red;}.e{padding:lor:blueviolet lor:blueviolet or:blueviolet olor:blueviolet r:blueviolet lor:blueviolet or:blueviolet olor:blueviolet :blueviolet lor:blueviolet or:blueviolet olor:blueviolet or:blueviolet lor:blueviolet or:blueviolet olor:blueviolet;}.b,#example, .esempio{padding:lor:#00ff00 lor:#00ff00 or:#00ff00 olor:#00ff00 r:#00ff00 lor:#00ff00 or:#00ff00 olor:#00ff00 :#00ff00 lor:#00ff00 or:#00ff00 olor:#00ff00 or:#00ff00 lor:#00ff00 or:#00ff00 olor:#00ff00;}
"
`;
